// Jest Snapshot v1, https://goo.gl/fbAQLP

exports[`machine component renders correctly 1`] = `
<Provider
  store={
    Object {
      "clearActions": [Function],
      "dispatch": [Function],
      "getActions": [Function],
      "getState": [Function],
      "replaceReducer": [Function],
      "subscribe": [Function],
    }
  }
>
  <Connect(Machine)
    history={
      Object {
        "action": "POP",
        "length": 5,
        "location": Object {
          "hash": "",
          "key": "ybxgrt",
          "pathname": "/machines/99ade105-dee1-49eb-8ac4-e4d272f89fba",
          "search": "",
        },
      }
    }
  >
    <Machine
      history={
        Object {
          "action": "POP",
          "length": 5,
          "location": Object {
            "hash": "",
            "key": "ybxgrt",
            "pathname": "/machines/99ade105-dee1-49eb-8ac4-e4d272f89fba",
            "search": "",
          },
        }
      }
      machines={
        Object {
          "machine": Object {
            "name": "",
          },
          "machines": Array [
            Object {
              "health": 84,
              "id": "99ade105-dee1-49eb-8ac4-e4d272f89fba",
              "ip_address": "127.0.0.31",
              "name": "Renamed Machine",
            },
            Object {
              "health": 95,
              "id": "4111947a-6c58-4977-90fa-2caaaef88648",
              "ip_address": "127.0.0.4",
              "name": "Machine 2",
            },
            Object {
              "health": 2,
              "id": "57342663-909c-4adf-9829-6dd1a3aa9143",
              "ip_address": "127.0.0.55",
              "name": "Machine 3",
            },
            Object {
              "health": 22,
              "id": "5632e1ec-46cb-4895-bc8b-a91644568cd5",
              "ip_address": "127.0.0.3",
              "name": "Machine 4",
            },
          ],
          "name": "",
        }
      }
      updateMachine={[Function]}
      updateMachineName={[Function]}
    >
      <Container
        className="container"
        fluid={false}
      >
        <div
          className="container container"
        >
          <Row
            noGutters={false}
          >
            <div
              className="row"
            >
              <Col
                xs={6}
              >
                <div
                  className="col-6"
                >
                  <h1>
                    Renamed Machine
                  </h1>
                  <h4>
                    Update Device
                  </h4>
                  <form
                    onSubmit={[Function]}
                  >
                    <label>
                      Name:
                      <input
                        aria-label="name-input"
                        onChange={[Function]}
                        type="text"
                      />
                    </label>
                    <input
                      type="submit"
                      value="Submit"
                    />
                  </form>
                </div>
              </Col>
              <Col
                xs={6}
              >
                <div
                  className="col-6"
                >
                  <div
                    className="box"
                  >
                    <Health
                      displayValue={true}
                      value={84}
                    >
                      <div
                        className="container"
                        style={
                          Object {
                            "padding": 0,
                          }
                        }
                      >
                        <div
                          className="health-value-display"
                        >
                          84
                        </div>
                        <div
                          className="full-bar"
                        >
                          <div
                            className="solid-bar"
                            data-testid="solid-bar"
                            style={
                              Object {
                                "backgroundColor": "#5cb85c",
                                "width": "calc(100% * 0.84)",
                              }
                            }
                          />
                        </div>
                      </div>
                    </Health>
                  </div>
                  <h2>
                    Stats
                  </h2>
                  IP Address: 
                  127.0.0.31
                </div>
              </Col>
            </div>
          </Row>
        </div>
      </Container>
    </Machine>
  </Connect(Machine)>
</Provider>
`;
